127.0.0.1 - - [06/Nov/2023:20:52:16 -0300] "GET / HTTP/1.1" 404 763
0:0:0:0:0:0:0:1 - - [06/Nov/2023:20:53:35 -0300] "GET /BeltourServerlet/Index.html HTTP/1.1" 200 2891
0:0:0:0:0:0:0:1 - - [06/Nov/2023:20:53:35 -0300] "GET /BeltourServerlet/icon/samurai.png HTTP/1.1" 404 804
0:0:0:0:0:0:0:1 - - [06/Nov/2023:20:53:36 -0300] "GET /BeltourServerlet/icon/favicon.ico HTTP/1.1" 404 804
0:0:0:0:0:0:0:1 - - [06/Nov/2023:20:53:36 -0300] "GET /BeltourServerlet/icon/favicon.ico HTTP/1.1" 404 804
0:0:0:0:0:0:0:1 - - [06/Nov/2023:20:53:39 -0300] "GET /BeltourServerlet/CreateClient.jsp HTTP/1.1" 200 4471
0:0:0:0:0:0:0:1 - - [06/Nov/2023:20:53:39 -0300] "GET /BeltourServerlet/icon/samurai.png HTTP/1.1" 404 804
0:0:0:0:0:0:0:1 - - [06/Nov/2023:20:53:39 -0300] "GET /favicon.ico HTTP/1.1" 404 774
0:0:0:0:0:0:0:1 - - [06/Nov/2023:20:53:43 -0300] "GET /BeltourServerlet/ReadClients.jsp HTTP/1.1" 200 3723
0:0:0:0:0:0:0:1 - - [06/Nov/2023:20:53:43 -0300] "GET /BeltourServerlet/icon/samurai.png HTTP/1.1" 404 804
0:0:0:0:0:0:0:1 - - [06/Nov/2023:20:53:45 -0300] "GET /BeltourServerlet/CreateClient.jsp HTTP/1.1" 200 4471
0:0:0:0:0:0:0:1 - - [06/Nov/2023:20:53:45 -0300] "GET /BeltourServerlet/icon/samurai.png HTTP/1.1" 404 804
0:0:0:0:0:0:0:1 - - [06/Nov/2023:20:53:48 -0300] "GET /BeltourServerlet/ReadClients.jsp HTTP/1.1" 200 3723
0:0:0:0:0:0:0:1 - - [06/Nov/2023:20:53:48 -0300] "GET /BeltourServerlet/icon/samurai.png HTTP/1.1" 404 804
0:0:0:0:0:0:0:1 - - [06/Nov/2023:20:53:49 -0300] "GET /BeltourServerlet/UpdateClient.jsp HTTP/1.1" 200 4668
0:0:0:0:0:0:0:1 - - [06/Nov/2023:20:53:49 -0300] "GET /BeltourServerlet/icon/samurai.png HTTP/1.1" 404 804
0:0:0:0:0:0:0:1 - - [06/Nov/2023:20:53:50 -0300] "GET /BeltourServerlet/DeleteClient.jsp HTTP/1.1" 200 3297
0:0:0:0:0:0:0:1 - - [06/Nov/2023:20:53:50 -0300] "GET /BeltourServerlet/icon/samurai.png HTTP/1.1" 404 804
0:0:0:0:0:0:0:1 - - [06/Nov/2023:20:54:02 -0300] "GET /BeltourServerlet/CreateClient.jsp HTTP/1.1" 200 4471
0:0:0:0:0:0:0:1 - - [06/Nov/2023:20:54:02 -0300] "GET /BeltourServerlet/icon/samurai.png HTTP/1.1" 404 804
0:0:0:0:0:0:0:1 - - [06/Nov/2023:20:54:18 -0300] "POST /BeltourServerlet/CreateController HTTP/1.1" 500 1397
127.0.0.1 - - [06/Nov/2023:20:55:35 -0300] "GET / HTTP/1.1" 404 763
0:0:0:0:0:0:0:1 - - [06/Nov/2023:20:56:30 -0300] "POST /BeltourServerlet/CreateController HTTP/1.1" 500 1397
127.0.0.1 - - [06/Nov/2023:21:00:46 -0300] "GET / HTTP/1.1" 404 763
0:0:0:0:0:0:0:1 - - [06/Nov/2023:21:00:49 -0300] "POST /BeltourServerlet/CreateController HTTP/1.1" 500 1397
127.0.0.1 - - [06/Nov/2023:21:07:26 -0300] "GET / HTTP/1.1" 404 763
0:0:0:0:0:0:0:1 - - [06/Nov/2023:21:07:58 -0300] "POST /BeltourServerlet/CreateController HTTP/1.1" 500 1402
127.0.0.1 - - [06/Nov/2023:21:10:20 -0300] "GET / HTTP/1.1" 404 763
0:0:0:0:0:0:0:1 - - [06/Nov/2023:21:10:25 -0300] "POST /BeltourServerlet/CreateController HTTP/1.1" 500 1407
0:0:0:0:0:0:0:1 - - [06/Nov/2023:21:10:32 -0300] "POST /BeltourServerlet/CreateController HTTP/1.1" 500 1407
0:0:0:0:0:0:0:1 - - [06/Nov/2023:21:20:56 -0300] "POST /BeltourServerlet/CreateController HTTP/1.1" 500 1407
0:0:0:0:0:0:0:1 - - [06/Nov/2023:21:21:04 -0300] "POST /BeltourServerlet/CreateController HTTP/1.1" 500 1407
127.0.0.1 - - [06/Nov/2023:21:23:45 -0300] "GET / HTTP/1.1" 404 763
0:0:0:0:0:0:0:1 - - [06/Nov/2023:21:23:51 -0300] "POST /BeltourServerlet/CreateController HTTP/1.1" 500 1465
0:0:0:0:0:0:0:1 - - [06/Nov/2023:21:24:38 -0300] "POST /BeltourServerlet/CreateController HTTP/1.1" 500 1397
127.0.0.1 - - [06/Nov/2023:21:24:49 -0300] "GET / HTTP/1.1" 404 763
0:0:0:0:0:0:0:1 - - [06/Nov/2023:21:24:53 -0300] "POST /BeltourServerlet/CreateController HTTP/1.1" 500 1397
127.0.0.1 - - [06/Nov/2023:21:28:22 -0300] "GET / HTTP/1.1" 404 763
0:0:0:0:0:0:0:1 - - [06/Nov/2023:21:28:28 -0300] "POST /BeltourServerlet/CreateController HTTP/1.1" 500 1397
127.0.0.1 - - [06/Nov/2023:21:30:31 -0300] "GET / HTTP/1.1" 404 763
0:0:0:0:0:0:0:1 - - [06/Nov/2023:21:30:39 -0300] "POST /BeltourServerlet/CreateController HTTP/1.1" 500 1397
127.0.0.1 - - [06/Nov/2023:21:33:41 -0300] "GET / HTTP/1.1" 404 763
0:0:0:0:0:0:0:1 - - [06/Nov/2023:21:33:46 -0300] "POST /BeltourServerlet/CreateController HTTP/1.1" 302 -
0:0:0:0:0:0:0:1 - - [06/Nov/2023:21:33:46 -0300] "GET /BeltourServerlet/Index HTTP/1.1" 404 789
0:0:0:0:0:0:0:1 - - [06/Nov/2023:21:35:20 -0300] "GET /BeltourServerlet/ReadClients.jsp HTTP/1.1" 200 3723
0:0:0:0:0:0:0:1 - - [06/Nov/2023:21:35:20 -0300] "GET /BeltourServerlet/icon/samurai.png HTTP/1.1" 404 804
0:0:0:0:0:0:0:1 - - [06/Nov/2023:21:35:22 -0300] "GET /BeltourServerlet/icon/samurai.png HTTP/1.1" 404 804
0:0:0:0:0:0:0:1 - - [06/Nov/2023:21:35:22 -0300] "GET /BeltourServerlet/icon/favicon.ico HTTP/1.1" 404 804
0:0:0:0:0:0:0:1 - - [06/Nov/2023:21:35:28 -0300] "GET /BeltourServerlet/CreateClient.jsp HTTP/1.1" 200 4471
0:0:0:0:0:0:0:1 - - [06/Nov/2023:21:35:28 -0300] "GET /BeltourServerlet/icon/samurai.png HTTP/1.1" 404 804
0:0:0:0:0:0:0:1 - - [06/Nov/2023:21:35:42 -0300] "GET /BeltourServerlet/CreateClient.jsp HTTP/1.1" 200 4471
0:0:0:0:0:0:0:1 - - [06/Nov/2023:21:35:42 -0300] "GET /BeltourServerlet/icon/samurai.png HTTP/1.1" 404 804
0:0:0:0:0:0:0:1 - - [06/Nov/2023:21:35:56 -0300] "POST /BeltourServerlet/CreateController HTTP/1.1" 302 -
0:0:0:0:0:0:0:1 - - [06/Nov/2023:21:35:56 -0300] "GET /BeltourServerlet/Index HTTP/1.1" 404 789
0:0:0:0:0:0:0:1 - - [06/Nov/2023:21:36:22 -0300] "POST /BeltourServerlet/CreateController HTTP/1.1" 302 -
0:0:0:0:0:0:0:1 - - [06/Nov/2023:21:36:22 -0300] "GET /BeltourServerlet/Index HTTP/1.1" 404 789
127.0.0.1 - - [06/Nov/2023:21:36:36 -0300] "GET / HTTP/1.1" 404 763
0:0:0:0:0:0:0:1 - - [06/Nov/2023:21:36:48 -0300] "POST /BeltourServerlet/CreateController HTTP/1.1" 302 -
0:0:0:0:0:0:0:1 - - [06/Nov/2023:21:36:48 -0300] "GET /BeltourServerlet/Index.html HTTP/1.1" 304 -
0:0:0:0:0:0:0:1 - - [06/Nov/2023:21:36:48 -0300] "GET /BeltourServerlet/icon/samurai.png HTTP/1.1" 404 804
0:0:0:0:0:0:0:1 - - [06/Nov/2023:21:36:48 -0300] "GET /BeltourServerlet/icon/favicon.ico HTTP/1.1" 404 804
0:0:0:0:0:0:0:1 - - [06/Nov/2023:21:39:45 -0300] "GET /BeltourServerlet/ReadClients.jsp HTTP/1.1" 200 3723
0:0:0:0:0:0:0:1 - - [06/Nov/2023:21:39:45 -0300] "GET /BeltourServerlet/icon/samurai.png HTTP/1.1" 404 804
0:0:0:0:0:0:0:1 - - [06/Nov/2023:21:40:00 -0300] "GET /BeltourServerlet/ReadClients.jsp HTTP/1.1" 200 3723
0:0:0:0:0:0:0:1 - - [06/Nov/2023:21:40:00 -0300] "GET /BeltourServerlet/icon/samurai.png HTTP/1.1" 404 804
0:0:0:0:0:0:0:1 - - [06/Nov/2023:21:44:10 -0300] "GET /BeltourServerlet/ReadClients.jsp HTTP/1.1" 200 3723
0:0:0:0:0:0:0:1 - - [06/Nov/2023:21:44:10 -0300] "GET /BeltourServerlet/icon/samurai.png HTTP/1.1" 404 804
127.0.0.1 - - [06/Nov/2023:21:48:18 -0300] "GET / HTTP/1.1" 404 763
0:0:0:0:0:0:0:1 - - [06/Nov/2023:21:49:05 -0300] "GET /BeltourServerlet/ReadClients.jsp HTTP/1.1" 200 3723
0:0:0:0:0:0:0:1 - - [06/Nov/2023:21:49:05 -0300] "GET /BeltourServerlet/icon/samurai.png HTTP/1.1" 404 804
127.0.0.1 - - [06/Nov/2023:21:49:18 -0300] "GET / HTTP/1.1" 404 763
0:0:0:0:0:0:0:1 - - [06/Nov/2023:21:49:26 -0300] "GET /BeltourServerlet/icon/samurai.png HTTP/1.1" 404 804
0:0:0:0:0:0:0:1 - - [06/Nov/2023:21:49:26 -0300] "GET /BeltourServerlet/icon/favicon.ico HTTP/1.1" 404 804
0:0:0:0:0:0:0:1 - - [06/Nov/2023:21:49:28 -0300] "GET /BeltourServerlet/ReadClients.jsp HTTP/1.1" 200 3723
0:0:0:0:0:0:0:1 - - [06/Nov/2023:21:49:28 -0300] "GET /BeltourServerlet/icon/samurai.png HTTP/1.1" 404 804
127.0.0.1 - - [06/Nov/2023:21:50:20 -0300] "GET / HTTP/1.1" 404 763
0:0:0:0:0:0:0:1 - - [06/Nov/2023:21:50:28 -0300] "GET /BeltourServerlet/icon/samurai.png HTTP/1.1" 404 804
0:0:0:0:0:0:0:1 - - [06/Nov/2023:21:50:28 -0300] "GET /BeltourServerlet/icon/favicon.ico HTTP/1.1" 404 804
0:0:0:0:0:0:0:1 - - [06/Nov/2023:21:50:31 -0300] "GET /BeltourServerlet/ReadClients.jsp HTTP/1.1" 200 3723
0:0:0:0:0:0:0:1 - - [06/Nov/2023:21:50:32 -0300] "GET /BeltourServerlet/icon/samurai.png HTTP/1.1" 404 804
0:0:0:0:0:0:0:1 - - [06/Nov/2023:21:50:47 -0300] "GET /BeltourServerlet/updateClient HTTP/1.1" 404 796
0:0:0:0:0:0:0:1 - - [06/Nov/2023:21:51:02 -0300] "GET /BeltourServerlet/ReadController HTTP/1.1" 200 3815
0:0:0:0:0:0:0:1 - - [06/Nov/2023:21:51:02 -0300] "GET /BeltourServerlet/icon/samurai.png HTTP/1.1" 404 804
127.0.0.1 - - [06/Nov/2023:21:53:23 -0300] "GET / HTTP/1.1" 404 763
0:0:0:0:0:0:0:1 - - [06/Nov/2023:21:53:27 -0300] "GET /BeltourServerlet/icon/samurai.png HTTP/1.1" 404 804
0:0:0:0:0:0:0:1 - - [06/Nov/2023:21:53:28 -0300] "GET /BeltourServerlet/icon/favicon.ico HTTP/1.1" 404 804
0:0:0:0:0:0:0:1 - - [06/Nov/2023:21:53:31 -0300] "GET /BeltourServerlet/ReadClients.jsp HTTP/1.1" 200 3723
0:0:0:0:0:0:0:1 - - [06/Nov/2023:21:53:31 -0300] "GET /BeltourServerlet/ReadClients.jsp HTTP/1.1" 200 3723
0:0:0:0:0:0:0:1 - - [06/Nov/2023:21:53:31 -0300] "GET /BeltourServerlet/icon/samurai.png HTTP/1.1" 404 804
0:0:0:0:0:0:0:1 - - [06/Nov/2023:21:53:54 -0300] "GET /BeltourServerlet/ReadController HTTP/1.1" 500 3850
127.0.0.1 - - [06/Nov/2023:22:15:52 -0300] "GET / HTTP/1.1" 404 763
127.0.0.1 - - [06/Nov/2023:22:23:56 -0300] "GET / HTTP/1.1" 404 763
127.0.0.1 - - [06/Nov/2023:22:26:01 -0300] "GET / HTTP/1.1" 404 763
127.0.0.1 - - [06/Nov/2023:22:28:20 -0300] "GET / HTTP/1.1" 404 763
0:0:0:0:0:0:0:1 - - [06/Nov/2023:22:28:29 -0300] "GET /BeltourServerlet/icon/samurai.png HTTP/1.1" 404 804
0:0:0:0:0:0:0:1 - - [06/Nov/2023:22:28:29 -0300] "GET /BeltourServerlet/icon/favicon.ico HTTP/1.1" 404 804
0:0:0:0:0:0:0:1 - - [06/Nov/2023:22:28:31 -0300] "GET /BeltourServerlet/CreateClient.jsp HTTP/1.1" 200 4471
0:0:0:0:0:0:0:1 - - [06/Nov/2023:22:28:31 -0300] "GET /BeltourServerlet/icon/samurai.png HTTP/1.1" 404 804
0:0:0:0:0:0:0:1 - - [06/Nov/2023:22:28:52 -0300] "POST /BeltourServerlet/CreateController HTTP/1.1" 302 -
0:0:0:0:0:0:0:1 - - [06/Nov/2023:22:28:52 -0300] "GET /BeltourServerlet/Index.html HTTP/1.1" 200 2890
0:0:0:0:0:0:0:1 - - [06/Nov/2023:22:28:52 -0300] "GET /BeltourServerlet/icon/samurai.png HTTP/1.1" 404 804
0:0:0:0:0:0:0:1 - - [06/Nov/2023:22:28:52 -0300] "GET /BeltourServerlet/icon/favicon.ico HTTP/1.1" 404 804
0:0:0:0:0:0:0:1 - - [06/Nov/2023:22:29:11 -0300] "GET /BeltourServerlet/ReadController HTTP/1.1" 500 3039
127.0.0.1 - - [06/Nov/2023:22:34:46 -0300] "GET / HTTP/1.1" 404 763
0:0:0:0:0:0:0:1 - - [06/Nov/2023:22:35:33 -0300] "GET /BeltourServerlet/ReadClients.jsp HTTP/1.1" 200 3725
0:0:0:0:0:0:0:1 - - [06/Nov/2023:22:35:33 -0300] "GET /BeltourServerlet/icon/samurai.png HTTP/1.1" 404 804
0:0:0:0:0:0:0:1 - - [06/Nov/2023:22:35:36 -0300] "GET /BeltourServerlet/ReadClients.jsp HTTP/1.1" 200 3725
0:0:0:0:0:0:0:1 - - [06/Nov/2023:22:35:36 -0300] "GET /BeltourServerlet/icon/samurai.png HTTP/1.1" 404 804
127.0.0.1 - - [06/Nov/2023:22:41:36 -0300] "GET / HTTP/1.1" 404 763
0:0:0:0:0:0:0:1 - - [06/Nov/2023:22:42:02 -0300] "GET /BeltourServerlet/ReadClients.jsp HTTP/1.1" 200 3426
0:0:0:0:0:0:0:1 - - [06/Nov/2023:22:42:02 -0300] "GET /BeltourServerlet/icon/samurai.png HTTP/1.1" 404 804
0:0:0:0:0:0:0:1 - - [06/Nov/2023:22:42:15 -0300] "GET /BeltourServerlet/Index.html HTTP/1.1" 304 -
0:0:0:0:0:0:0:1 - - [06/Nov/2023:22:42:15 -0300] "GET /BeltourServerlet/icon/samurai.png HTTP/1.1" 404 804
0:0:0:0:0:0:0:1 - - [06/Nov/2023:22:42:16 -0300] "GET /BeltourServerlet/icon/favicon.ico HTTP/1.1" 404 804
0:0:0:0:0:0:0:1 - - [06/Nov/2023:22:42:19 -0300] "GET /BeltourServerlet/ReadController HTTP/1.1" 500 3825
127.0.0.1 - - [06/Nov/2023:22:51:58 -0300] "GET / HTTP/1.1" 404 763
0:0:0:0:0:0:0:1 - - [06/Nov/2023:22:52:10 -0300] "GET /BeltourServerlet/ReadController HTTP/1.1" 200 5647
0:0:0:0:0:0:0:1 - - [06/Nov/2023:22:52:10 -0300] "GET /BeltourServerlet/icon/samurai.png HTTP/1.1" 404 804
0:0:0:0:0:0:0:1 - - [06/Nov/2023:22:52:22 -0300] "GET /BeltourServerlet/UpdateClient.jsp HTTP/1.1" 200 4668
0:0:0:0:0:0:0:1 - - [06/Nov/2023:22:52:22 -0300] "GET /BeltourServerlet/icon/samurai.png HTTP/1.1" 404 804
0:0:0:0:0:0:0:1 - - [06/Nov/2023:22:53:36 -0300] "GET /BeltourServerlet/ReadClients.jsp HTTP/1.1" 200 3426
0:0:0:0:0:0:0:1 - - [06/Nov/2023:22:53:36 -0300] "GET /BeltourServerlet/icon/samurai.png HTTP/1.1" 404 804
0:0:0:0:0:0:0:1 - - [06/Nov/2023:22:53:41 -0300] "GET /BeltourServerlet/CreateClient.jsp HTTP/1.1" 200 4471
0:0:0:0:0:0:0:1 - - [06/Nov/2023:22:53:41 -0300] "GET /BeltourServerlet/icon/samurai.png HTTP/1.1" 404 804
0:0:0:0:0:0:0:1 - - [06/Nov/2023:22:53:51 -0300] "GET /BeltourServerlet/Index.html HTTP/1.1" 304 -
0:0:0:0:0:0:0:1 - - [06/Nov/2023:22:53:51 -0300] "GET /BeltourServerlet/icon/samurai.png HTTP/1.1" 404 804
0:0:0:0:0:0:0:1 - - [06/Nov/2023:22:53:51 -0300] "GET /BeltourServerlet/icon/favicon.ico HTTP/1.1" 404 804
0:0:0:0:0:0:0:1 - - [06/Nov/2023:22:53:52 -0300] "GET /BeltourServerlet/ReadController HTTP/1.1" 200 5647
0:0:0:0:0:0:0:1 - - [06/Nov/2023:22:53:52 -0300] "GET /BeltourServerlet/icon/samurai.png HTTP/1.1" 404 804
0:0:0:0:0:0:0:1 - - [06/Nov/2023:22:54:54 -0300] "GET /BeltourServerlet/ReadController HTTP/1.1" 200 5681
0:0:0:0:0:0:0:1 - - [06/Nov/2023:22:54:54 -0300] "GET /BeltourServerlet/icon/samurai.png HTTP/1.1" 404 804
0:0:0:0:0:0:0:1 - - [06/Nov/2023:22:54:56 -0300] "GET /BeltourServerlet/ReadController HTTP/1.1" 200 5681
0:0:0:0:0:0:0:1 - - [06/Nov/2023:22:54:56 -0300] "GET /BeltourServerlet/icon/samurai.png HTTP/1.1" 404 804
127.0.0.1 - - [06/Nov/2023:23:05:33 -0300] "GET / HTTP/1.1" 404 763
0:0:0:0:0:0:0:1 - - [06/Nov/2023:23:05:41 -0300] "GET /BeltourServerlet/Index.html HTTP/1.1" 200 2711
0:0:0:0:0:0:0:1 - - [06/Nov/2023:23:05:41 -0300] "GET /BeltourServerlet/icon/samurai.png HTTP/1.1" 404 804
0:0:0:0:0:0:0:1 - - [06/Nov/2023:23:05:42 -0300] "GET /BeltourServerlet/icon/favicon.ico HTTP/1.1" 404 804
0:0:0:0:0:0:0:1 - - [06/Nov/2023:23:05:45 -0300] "GET /BeltourServerlet/CreateClient.jsp HTTP/1.1" 200 4287
0:0:0:0:0:0:0:1 - - [06/Nov/2023:23:05:45 -0300] "GET /BeltourServerlet/icon/samurai.png HTTP/1.1" 404 804
0:0:0:0:0:0:0:1 - - [06/Nov/2023:23:05:48 -0300] "GET /BeltourServerlet/ReadController HTTP/1.1" 200 6572
0:0:0:0:0:0:0:1 - - [06/Nov/2023:23:05:48 -0300] "GET /BeltourServerlet/icon/samurai.png HTTP/1.1" 404 804
0:0:0:0:0:0:0:1 - - [06/Nov/2023:23:06:03 -0300] "GET /BeltourServerlet/UpdateController?id=1 HTTP/1.1" 200 4523
0:0:0:0:0:0:0:1 - - [06/Nov/2023:23:06:03 -0300] "GET /BeltourServerlet/icon/samurai.png HTTP/1.1" 404 804
0:0:0:0:0:0:0:1 - - [06/Nov/2023:23:06:13 -0300] "GET /BeltourServerlet/ReadController HTTP/1.1" 200 6572
0:0:0:0:0:0:0:1 - - [06/Nov/2023:23:06:13 -0300] "GET /BeltourServerlet/icon/samurai.png HTTP/1.1" 404 804
0:0:0:0:0:0:0:1 - - [06/Nov/2023:23:06:16 -0300] "GET /BeltourServerlet/DeleteController?id=1 HTTP/1.1" 302 -
0:0:0:0:0:0:0:1 - - [06/Nov/2023:23:06:16 -0300] "GET /BeltourServerlet/Index HTTP/1.1" 404 789
127.0.0.1 - - [06/Nov/2023:23:09:20 -0300] "GET / HTTP/1.1" 404 763
0:0:0:0:0:0:0:1 - - [06/Nov/2023:23:09:54 -0300] "GET /BeltourServerlet/Index HTTP/1.1" 404 789
0:0:0:0:0:0:0:1 - - [06/Nov/2023:23:10:00 -0300] "GET /BeltourServerlet/ReadController HTTP/1.1" 200 5920
0:0:0:0:0:0:0:1 - - [06/Nov/2023:23:10:00 -0300] "GET /BeltourServerlet/icon/samurai.png HTTP/1.1" 404 804
0:0:0:0:0:0:0:1 - - [06/Nov/2023:23:10:14 -0300] "GET /BeltourServerlet/DeleteController?id=2 HTTP/1.1" 302 -
0:0:0:0:0:0:0:1 - - [06/Nov/2023:23:10:14 -0300] "GET /BeltourServerlet/ReadController HTTP/1.1" 200 5256
0:0:0:0:0:0:0:1 - - [06/Nov/2023:23:10:14 -0300] "GET /BeltourServerlet/icon/samurai.png HTTP/1.1" 404 804
0:0:0:0:0:0:0:1 - - [06/Nov/2023:23:10:30 -0300] "GET /BeltourServerlet/DeleteController?id=3 HTTP/1.1" 302 -
0:0:0:0:0:0:0:1 - - [06/Nov/2023:23:10:30 -0300] "GET /BeltourServerlet/ReadController HTTP/1.1" 200 4592
0:0:0:0:0:0:0:1 - - [06/Nov/2023:23:10:30 -0300] "GET /BeltourServerlet/icon/samurai.png HTTP/1.1" 404 804
0:0:0:0:0:0:0:1 - - [06/Nov/2023:23:10:37 -0300] "GET /BeltourServerlet/UpdateController?id=4 HTTP/1.1" 200 4523
0:0:0:0:0:0:0:1 - - [06/Nov/2023:23:10:37 -0300] "GET /BeltourServerlet/icon/samurai.png HTTP/1.1" 404 804
127.0.0.1 - - [06/Nov/2023:23:16:40 -0300] "GET / HTTP/1.1" 404 763
0:0:0:0:0:0:0:1 - - [06/Nov/2023:23:16:48 -0300] "GET /BeltourServerlet/ReadController HTTP/1.1" 200 4592
0:0:0:0:0:0:0:1 - - [06/Nov/2023:23:16:48 -0300] "GET /BeltourServerlet/icon/samurai.png HTTP/1.1" 404 804
0:0:0:0:0:0:0:1 - - [06/Nov/2023:23:16:52 -0300] "GET /BeltourServerlet/UpdateController?id=4 HTTP/1.1" 200 4523
0:0:0:0:0:0:0:1 - - [06/Nov/2023:23:16:52 -0300] "GET /BeltourServerlet/icon/samurai.png HTTP/1.1" 404 804
127.0.0.1 - - [06/Nov/2023:23:23:19 -0300] "GET / HTTP/1.1" 404 763
0:0:0:0:0:0:0:1 - - [06/Nov/2023:23:23:27 -0300] "GET /BeltourServerlet/ReadController HTTP/1.1" 200 4592
0:0:0:0:0:0:0:1 - - [06/Nov/2023:23:23:27 -0300] "GET /BeltourServerlet/icon/samurai.png HTTP/1.1" 404 804
0:0:0:0:0:0:0:1 - - [06/Nov/2023:23:23:29 -0300] "GET /BeltourServerlet/UpdateController?id=4 HTTP/1.1" 500 1455
127.0.0.1 - - [06/Nov/2023:23:30:03 -0300] "GET / HTTP/1.1" 404 763
0:0:0:0:0:0:0:1 - - [06/Nov/2023:23:30:18 -0300] "GET /BeltourServerlet/UpdateController?id=4 HTTP/1.1" 200 4637
0:0:0:0:0:0:0:1 - - [06/Nov/2023:23:30:18 -0300] "GET /BeltourServerlet/icon/samurai.png HTTP/1.1" 404 804
0:0:0:0:0:0:0:1 - - [06/Nov/2023:23:31:18 -0300] "POST /BeltourServerlet/UpdateController HTTP/1.1" 200 -
127.0.0.1 - - [06/Nov/2023:23:33:18 -0300] "GET / HTTP/1.1" 404 763
127.0.0.1 - - [06/Nov/2023:23:36:15 -0300] "GET / HTTP/1.1" 404 763
0:0:0:0:0:0:0:1 - - [06/Nov/2023:23:36:50 -0300] "POST /BeltourServerlet/UpdateController HTTP/1.1" 200 -
127.0.0.1 - - [06/Nov/2023:23:43:16 -0300] "GET / HTTP/1.1" 404 763
0:0:0:0:0:0:0:1 - - [06/Nov/2023:23:43:25 -0300] "POST /BeltourServerlet/UpdateController HTTP/1.1" 200 -
127.0.0.1 - - [06/Nov/2023:23:51:03 -0300] "GET / HTTP/1.1" 404 763
0:0:0:0:0:0:0:1 - - [06/Nov/2023:23:51:08 -0300] "POST /BeltourServerlet/UpdateController HTTP/1.1" 200 -
